---
source: tests/common/mod.rs
description: "var a = \"global\";\n{\n  var a = \"shadow\";\n  print a; // expect: shadow\n}\nprint a; // expect: global\n"
input_file: crafting_interpreters_test_files/variable/shadow_global.lox
---
OUT: 
shadow
global

===
ERR:
