---
source: tests/common/mod.rs
description: "{\n  var a = \"outer\";\n  {\n    print a; // expect: outer\n  }\n}"
input_file: crafting_interpreters_test_files/variable/in_nested_block.lox
---
OUT: 
outer

===
ERR:
