---
source: tests/common/mod.rs
description: "fun f() {\n  for (;;) {\n    var i = \"i\";\n    return i;\n  }\n}\n\nprint f();\n// expect: i\n"
input_file: crafting_interpreters_test_files/for/return_inside.lox
---
OUT: 
i

===
ERR:
