---
source: tests/common/mod.rs
description: "class Bar {}\nprint !Bar;      // expect: false\nprint !Bar();    // expect: false\n"
input_file: crafting_interpreters_test_files/operator/not_class.lox
---
OUT: 
false
false

===
ERR:
